org.onimino.game.subsystem.mode.MarathonMode
org.onimino.game.subsystem.mode.MarathonPlusMode
org.onimino.game.evil.TNMode
org.onimino.game.evil.TNNetVSBattleMode
org.onimino.game.subsystem.mode.ExtremeMode
org.onimino.game.subsystem.mode.LineRaceMode
org.onimino.game.subsystem.mode.ScoreRaceMode
org.onimino.game.subsystem.mode.DigRaceMode
org.onimino.game.subsystem.mode.ComboRaceMode
org.onimino.game.subsystem.mode.UltraMode
org.onimino.game.subsystem.mode.TechnicianMode
org.onimino.game.subsystem.mode.SquareMode
org.onimino.game.subsystem.mode.DigChallengeMode
org.onimino.game.subsystem.mode.RetroMarathonMode
org.onimino.game.subsystem.mode.RetroMasteryMode
org.onimino.game.subsystem.mode.RetroManiaMode
org.onimino.game.subsystem.mode.GradeManiaMode
org.onimino.game.subsystem.mode.GradeMania2Mode
org.onimino.game.subsystem.mode.GradeMania3Mode
org.onimino.game.subsystem.mode.ScoreAttackMode
org.onimino.game.subsystem.mode.SpeedManiaMode
org.onimino.game.subsystem.mode.SpeedMania2Mode
org.onimino.game.subsystem.mode.GarbageManiaMode
org.onimino.game.subsystem.mode.PhantomManiaMode
org.onimino.game.subsystem.mode.FinalMode
org.onimino.game.subsystem.mode.TimeAttackMode
org.onimino.game.subsystem.mode.PracticeMode
org.onimino.game.subsystem.mode.GemManiaMode
org.onimino.game.subsystem.mode.VSLineRaceMode
org.onimino.game.subsystem.mode.VSDigRaceMode
org.onimino.game.subsystem.mode.VSBattleMode
org.onimino.game.subsystem.mode.ToolVSMapEditMode
org.onimino.game.subsystem.mode.NetVSBattleMode
org.onimino.game.subsystem.mode.TGMNetVSBattleMode
org.onimino.game.subsystem.mode.NetVSLineRaceMode
org.onimino.game.subsystem.mode.NetVSDigRaceMode
org.onimino.game.subsystem.mode.AvalancheMode
org.onimino.game.subsystem.mode.AvalancheFeverMode
org.onimino.game.subsystem.mode.AvalancheVSMode
org.onimino.game.subsystem.mode.AvalancheVSFeverMode
org.onimino.game.subsystem.mode.AvalancheVSDigRaceMode
org.onimino.game.subsystem.mode.AvalancheVSBombBattleMode
org.onimino.game.subsystem.mode.AvalancheVSSPFMode
org.onimino.game.subsystem.mode.PhysicianMode
org.onimino.game.subsystem.mode.PhysicianVSMode
org.onimino.game.subsystem.mode.SPFMode
